[2026-04-21 11:28:00] 脚本启动
[2026-04-21 11:28:02] 预览图已生成: runs/resume_20260421_112758/preview/preview_layers_grid.png
[2026-04-21 11:28:02] OCR预览图已生成: runs/resume_20260421_112758/preview/preview_ocr_grid.png
[2026-04-21 11:28:02] 开始自动训练流程
[2026-04-21 11:28:02] 训练设备: cuda
[2026-04-21 11:28:03] 类别数: nesting=6, ocr=562
[2026-04-21 11:28:44] [NEST] epoch 1/60 train_loss=0.5586 val_loss=0.2943 val_acc=83.78%
[2026-04-21 11:28:44] [NEST] 保存最佳模型: runs/resume_20260421_112758/models/nesting_best.pth
[2026-04-21 11:29:22] [NEST] epoch 2/60 train_loss=0.4595 val_loss=0.2673 val_acc=83.33%
[2026-04-21 11:30:01] [NEST] epoch 3/60 train_loss=0.4629 val_loss=0.2695 val_acc=86.28%
[2026-04-21 11:30:01] [NEST] 保存最佳模型: runs/resume_20260421_112758/models/nesting_best.pth
[2026-04-21 11:30:40] [NEST] epoch 4/60 train_loss=0.4628 val_loss=3.6403 val_acc=33.33%
[2026-04-21 11:31:18] [NEST] epoch 5/60 train_loss=0.4599 val_loss=0.3131 val_acc=83.50%
[2026-04-21 11:31:57] [NEST] epoch 6/60 train_loss=0.4527 val_loss=0.4268 val_acc=79.50%
[2026-04-21 11:32:35] [NEST] epoch 7/60 train_loss=0.3768 val_loss=2.3122 val_acc=33.56%
[2026-04-21 11:33:14] [NEST] epoch 8/60 train_loss=0.2886 val_loss=0.2867 val_acc=90.89%
[2026-04-21 11:33:14] [NEST] 保存最佳模型: runs/resume_20260421_112758/models/nesting_best.pth
[2026-04-21 11:33:52] [NEST] epoch 9/60 train_loss=0.2620 val_loss=0.0499 val_acc=99.61%
[2026-04-21 11:33:53] [NEST] 保存最佳模型: runs/resume_20260421_112758/models/nesting_best.pth
[2026-04-21 11:34:32] [NEST] epoch 10/60 train_loss=0.2584 val_loss=0.0561 val_acc=99.28%
[2026-04-21 11:35:10] [NEST] epoch 11/60 train_loss=0.2566 val_loss=0.1233 val_acc=98.06%
[2026-04-21 11:35:49] [NEST] epoch 12/60 train_loss=0.2550 val_loss=0.1905 val_acc=93.89%
[2026-04-21 11:36:28] [NEST] epoch 13/60 train_loss=0.2582 val_loss=0.3803 val_acc=88.50%
[2026-04-21 11:37:06] [NEST] epoch 14/60 train_loss=0.2563 val_loss=0.0409 val_acc=99.89%
[2026-04-21 11:37:06] [NEST] 保存最佳模型: runs/resume_20260421_112758/models/nesting_best.pth
[2026-04-21 11:37:44] [NEST] epoch 15/60 train_loss=0.2528 val_loss=0.1950 val_acc=95.50%
[2026-04-21 11:38:23] [NEST] epoch 16/60 train_loss=0.2520 val_loss=0.0445 val_acc=99.89%
[2026-04-21 11:39:02] [NEST] epoch 17/60 train_loss=0.2517 val_loss=0.0450 val_acc=99.94%
[2026-04-21 11:39:02] [NEST] 保存最佳模型: runs/resume_20260421_112758/models/nesting_best.pth
[2026-04-21 11:39:41] [NEST] epoch 18/60 train_loss=0.2516 val_loss=0.0557 val_acc=99.50%
[2026-04-21 11:40:19] [NEST] epoch 19/60 train_loss=0.2544 val_loss=0.0407 val_acc=99.89%
[2026-04-21 11:40:58] [NEST] epoch 20/60 train_loss=0.2546 val_loss=0.0538 val_acc=99.39%
[2026-04-21 11:41:37] [NEST] epoch 21/60 train_loss=0.2518 val_loss=0.0409 val_acc=100.00%
[2026-04-21 11:41:37] [NEST] 保存最佳模型: runs/resume_20260421_112758/models/nesting_best.pth
[2026-04-21 11:42:14] [NEST] epoch 22/60 train_loss=0.2506 val_loss=0.0579 val_acc=99.94%
[2026-04-21 11:42:53] [NEST] epoch 23/60 train_loss=0.2509 val_loss=0.0376 val_acc=100.00%
[2026-04-21 11:43:31] [NEST] epoch 24/60 train_loss=0.2509 val_loss=0.0501 val_acc=99.78%
[2026-04-21 11:44:10] [NEST] epoch 25/60 train_loss=0.2487 val_loss=0.0428 val_acc=99.94%
[2026-04-21 11:44:49] [NEST] epoch 26/60 train_loss=0.2492 val_loss=1.2989 val_acc=66.56%
[2026-04-21 11:45:28] [NEST] epoch 27/60 train_loss=0.2520 val_loss=1.4481 val_acc=66.50%
[2026-04-21 11:46:07] [NEST] epoch 28/60 train_loss=0.2486 val_loss=0.0421 val_acc=100.00%
[2026-04-21 11:46:46] [NEST] epoch 29/60 train_loss=0.2496 val_loss=0.6372 val_acc=83.33%
[2026-04-21 11:47:24] [NEST] epoch 30/60 train_loss=0.2497 val_loss=0.0463 val_acc=99.89%
[2026-04-21 11:48:03] [NEST] epoch 31/60 train_loss=0.2480 val_loss=0.0397 val_acc=100.00%
[2026-04-21 11:48:42] [NEST] epoch 32/60 train_loss=0.2489 val_loss=0.0401 val_acc=99.89%
[2026-04-21 11:49:21] [NEST] epoch 33/60 train_loss=0.2490 val_loss=0.0551 val_acc=99.78%
[2026-04-21 11:50:00] [NEST] epoch 34/60 train_loss=0.2470 val_loss=0.0451 val_acc=99.94%
[2026-04-21 11:50:39] [NEST] epoch 35/60 train_loss=0.2498 val_loss=0.0419 val_acc=100.00%
[2026-04-21 11:51:17] [NEST] epoch 36/60 train_loss=0.2472 val_loss=0.0434 val_acc=99.94%
[2026-04-21 11:51:56] [NEST] epoch 37/60 train_loss=0.2467 val_loss=0.0409 val_acc=100.00%
[2026-04-21 11:52:34] [NEST] epoch 38/60 train_loss=0.2465 val_loss=0.0382 val_acc=100.00%
[2026-04-21 11:53:13] [NEST] epoch 39/60 train_loss=0.2465 val_loss=0.0420 val_acc=100.00%
[2026-04-21 11:53:52] [NEST] epoch 40/60 train_loss=0.2480 val_loss=1.7974 val_acc=51.83%
[2026-04-21 11:54:31] [NEST] epoch 41/60 train_loss=0.2489 val_loss=0.0388 val_acc=100.00%
[2026-04-21 11:55:10] [NEST] epoch 42/60 train_loss=0.2473 val_loss=0.0395 val_acc=100.00%
[2026-04-21 11:55:49] [NEST] epoch 43/60 train_loss=0.2469 val_loss=0.0415 val_acc=100.00%
[2026-04-21 11:56:27] [NEST] epoch 44/60 train_loss=0.2469 val_loss=0.0426 val_acc=100.00%
[2026-04-21 11:57:06] [NEST] epoch 45/60 train_loss=0.2467 val_loss=0.0396 val_acc=100.00%
[2026-04-21 11:57:45] [NEST] epoch 46/60 train_loss=0.2465 val_loss=0.0400 val_acc=100.00%
[2026-04-21 11:58:23] [NEST] epoch 47/60 train_loss=0.2462 val_loss=0.0404 val_acc=100.00%
[2026-04-21 11:59:02] [NEST] epoch 48/60 train_loss=0.2472 val_loss=0.0427 val_acc=100.00%
[2026-04-21 11:59:41] [NEST] epoch 49/60 train_loss=0.2465 val_loss=0.0375 val_acc=100.00%
[2026-04-21 12:00:20] [NEST] epoch 50/60 train_loss=0.2461 val_loss=0.0382 val_acc=100.00%
[2026-04-21 12:00:20] [NEST] 早停触发：连续 10 个 epoch val_acc>=99.90%
[2026-04-21 12:01:47] [OCR ] epoch 1/40 train_loss=4.1934 val_loss=1.6276 val_acc=57.02%
[2026-04-21 12:01:47] [OCR ] 保存最佳模型: runs/resume_20260421_112758/models/ocr_best.pth
[2026-04-21 12:03:06] [OCR ] epoch 2/40 train_loss=1.5712 val_loss=0.3136 val_acc=94.43%
[2026-04-21 12:03:06] [OCR ] 保存最佳模型: runs/resume_20260421_112758/models/ocr_best.pth
[2026-04-21 12:04:25] [OCR ] epoch 3/40 train_loss=1.0180 val_loss=17.9747 val_acc=2.29%
[2026-04-21 12:05:45] [OCR ] epoch 4/40 train_loss=0.8782 val_loss=10.1618 val_acc=20.29%
[2026-04-21 12:07:04] [OCR ] epoch 5/40 train_loss=0.8155 val_loss=0.2714 val_acc=94.98%
[2026-04-21 12:07:04] [OCR ] 保存最佳模型: runs/resume_20260421_112758/models/ocr_best.pth
[2026-04-21 12:08:23] [OCR ] epoch 6/40 train_loss=0.7754 val_loss=0.0679 val_acc=98.75%
[2026-04-21 12:08:23] [OCR ] 保存最佳模型: runs/resume_20260421_112758/models/ocr_best.pth
[2026-04-21 12:09:42] [OCR ] epoch 7/40 train_loss=0.7493 val_loss=6.8299 val_acc=37.78%
[2026-04-21 12:11:01] [OCR ] epoch 8/40 train_loss=0.7293 val_loss=0.0749 val_acc=98.59%
[2026-04-21 12:12:20] [OCR ] epoch 9/40 train_loss=0.7143 val_loss=0.0589 val_acc=98.80%
[2026-04-21 12:12:20] [OCR ] 保存最佳模型: runs/resume_20260421_112758/models/ocr_best.pth
[2026-04-21 12:13:40] [OCR ] epoch 10/40 train_loss=0.6984 val_loss=0.0567 val_acc=99.01%
[2026-04-21 12:13:40] [OCR ] 保存最佳模型: runs/resume_20260421_112758/models/ocr_best.pth
[2026-04-21 12:14:59] [OCR ] epoch 11/40 train_loss=0.6888 val_loss=0.0832 val_acc=98.63%
[2026-04-21 12:16:18] [OCR ] epoch 12/40 train_loss=0.6784 val_loss=0.0761 val_acc=98.71%
[2026-04-21 12:17:37] [OCR ] epoch 13/40 train_loss=0.6714 val_loss=0.0593 val_acc=98.99%
[2026-04-21 12:18:56] [OCR ] epoch 14/40 train_loss=0.6660 val_loss=1.5142 val_acc=82.35%
[2026-04-21 12:20:15] [OCR ] epoch 15/40 train_loss=0.6591 val_loss=0.0526 val_acc=99.03%
[2026-04-21 12:20:16] [OCR ] 保存最佳模型: runs/resume_20260421_112758/models/ocr_best.pth
[2026-04-21 12:21:35] [OCR ] epoch 16/40 train_loss=0.6546 val_loss=0.0614 val_acc=98.97%
[2026-04-21 12:22:54] [OCR ] epoch 17/40 train_loss=0.6500 val_loss=0.0555 val_acc=98.86%
[2026-04-21 12:24:13] [OCR ] epoch 18/40 train_loss=0.6454 val_loss=0.0530 val_acc=99.00%
[2026-04-21 12:25:32] [OCR ] epoch 19/40 train_loss=0.6433 val_loss=0.0511 val_acc=99.16%
[2026-04-21 12:25:32] [OCR ] 保存最佳模型: runs/resume_20260421_112758/models/ocr_best.pth
[2026-04-21 12:26:51] [OCR ] epoch 20/40 train_loss=0.6396 val_loss=0.0462 val_acc=99.13%
[2026-04-21 12:28:10] [OCR ] epoch 21/40 train_loss=0.6371 val_loss=2.3535 val_acc=72.64%
[2026-04-21 12:29:29] [OCR ] epoch 22/40 train_loss=0.6355 val_loss=0.0449 val_acc=99.26%
[2026-04-21 12:29:29] [OCR ] 保存最佳模型: runs/resume_20260421_112758/models/ocr_best.pth
[2026-04-21 12:30:48] [OCR ] epoch 23/40 train_loss=0.6324 val_loss=0.0493 val_acc=99.26%
[2026-04-21 12:30:48] [OCR ] 保存最佳模型: runs/resume_20260421_112758/models/ocr_best.pth
[2026-04-21 12:32:07] [OCR ] epoch 24/40 train_loss=0.6293 val_loss=0.0452 val_acc=99.26%
[2026-04-21 12:32:07] [OCR ] 保存最佳模型: runs/resume_20260421_112758/models/ocr_best.pth
[2026-04-21 12:33:26] [OCR ] epoch 25/40 train_loss=0.6276 val_loss=0.0451 val_acc=99.21%
[2026-04-21 12:34:45] [OCR ] epoch 26/40 train_loss=0.6248 val_loss=0.2315 val_acc=96.60%
[2026-04-21 12:36:04] [OCR ] epoch 27/40 train_loss=0.6232 val_loss=0.0423 val_acc=99.30%
[2026-04-21 12:36:04] [OCR ] 保存最佳模型: runs/resume_20260421_112758/models/ocr_best.pth
[2026-04-21 12:37:23] [OCR ] epoch 28/40 train_loss=0.6217 val_loss=0.0474 val_acc=99.22%
[2026-04-21 12:38:42] [OCR ] epoch 29/40 train_loss=0.6204 val_loss=0.0465 val_acc=99.31%
[2026-04-21 12:38:42] [OCR ] 保存最佳模型: runs/resume_20260421_112758/models/ocr_best.pth
[2026-04-21 12:40:01] [OCR ] epoch 30/40 train_loss=0.6186 val_loss=0.0439 val_acc=99.25%
[2026-04-21 12:41:20] [OCR ] epoch 31/40 train_loss=0.6172 val_loss=0.0427 val_acc=99.37%
[2026-04-21 12:41:21] [OCR ] 保存最佳模型: runs/resume_20260421_112758/models/ocr_best.pth
[2026-04-21 12:42:40] [OCR ] epoch 32/40 train_loss=0.6160 val_loss=0.0440 val_acc=99.39%
[2026-04-21 12:42:40] [OCR ] 保存最佳模型: runs/resume_20260421_112758/models/ocr_best.pth
[2026-04-21 12:43:59] [OCR ] epoch 33/40 train_loss=0.6153 val_loss=0.0419 val_acc=99.36%
[2026-04-21 12:45:17] [OCR ] epoch 34/40 train_loss=0.6139 val_loss=0.0428 val_acc=99.32%
[2026-04-21 12:46:36] [OCR ] epoch 35/40 train_loss=0.6134 val_loss=0.0414 val_acc=99.41%
[2026-04-21 12:46:36] [OCR ] 保存最佳模型: runs/resume_20260421_112758/models/ocr_best.pth
[2026-04-21 12:47:55] [OCR ] epoch 36/40 train_loss=0.6130 val_loss=0.0416 val_acc=99.39%
[2026-04-21 12:49:14] [OCR ] epoch 37/40 train_loss=0.6123 val_loss=0.0432 val_acc=99.38%
[2026-04-21 12:50:33] [OCR ] epoch 38/40 train_loss=0.6115 val_loss=0.0437 val_acc=99.37%
[2026-04-21 12:51:52] [OCR ] epoch 39/40 train_loss=0.6111 val_loss=0.0439 val_acc=99.39%
[2026-04-21 12:53:11] [OCR ] epoch 40/40 train_loss=0.6110 val_loss=0.0430 val_acc=99.40%
[2026-04-21 12:53:11] [COMP] 从 OCR ckpt 加载 156 个权重 tensor（backbone + ocr_head）
[2026-04-21 12:53:11] [COMP] 从 nesting ckpt 仅加载 nesting_head（4 个 tensor），保留 OCR backbone
[2026-04-21 12:54:00] [COMP] epoch 1/40 stage=warmup(ocr-only) val_nesting_acc=8.39% val_ocr_acc=99.40% val_nesting_loss=3.0391 val_ocr_loss=0.0420
[2026-04-21 12:54:00] [COMP] 保存最佳模型: runs/resume_20260421_112758/models/composite_best.pth
[2026-04-21 12:54:48] [COMP] epoch 2/40 stage=warmup(ocr-only) val_nesting_acc=8.39% val_ocr_acc=99.42% val_nesting_loss=3.0159 val_ocr_loss=0.0430
[2026-04-21 12:54:48] [COMP] 保存最佳模型: runs/resume_20260421_112758/models/composite_best.pth
[2026-04-21 12:55:35] [COMP] epoch 3/40 stage=warmup(ocr-only) val_nesting_acc=11.06% val_ocr_acc=99.43% val_nesting_loss=3.0381 val_ocr_loss=0.0441
[2026-04-21 12:55:35] [COMP] 保存最佳模型: runs/resume_20260421_112758/models/composite_best.pth
[2026-04-21 12:56:24] [COMP] epoch 4/40 stage=warmup(ocr-only) val_nesting_acc=8.89% val_ocr_acc=99.42% val_nesting_loss=3.0484 val_ocr_loss=0.0425
[2026-04-21 12:57:13] [COMP] epoch 5/40 stage=warmup(ocr-only) val_nesting_acc=8.67% val_ocr_acc=99.39% val_nesting_loss=3.0236 val_ocr_loss=0.0426
[2026-04-21 12:58:02] [COMP] epoch 6/40 stage=warmup(ocr-only) val_nesting_acc=8.17% val_ocr_acc=99.43% val_nesting_loss=3.0526 val_ocr_loss=0.0422
[2026-04-21 12:59:56] [COMP] epoch 7/40 stage=joint val_nesting_acc=90.94% val_ocr_acc=93.71% val_nesting_loss=0.2644 val_ocr_loss=0.5389
[2026-04-21 12:59:56] [COMP] 保存最佳模型: runs/resume_20260421_112758/models/composite_best.pth
[2026-04-21 13:01:50] [COMP] epoch 8/40 stage=joint val_nesting_acc=98.06% val_ocr_acc=94.87% val_nesting_loss=0.1016 val_ocr_loss=0.4787
[2026-04-21 13:01:50] [COMP] 保存最佳模型: runs/resume_20260421_112758/models/composite_best.pth
[2026-04-21 13:03:45] [COMP] epoch 9/40 stage=joint val_nesting_acc=96.89% val_ocr_acc=93.57% val_nesting_loss=0.1269 val_ocr_loss=0.5875
[2026-04-21 13:05:41] [COMP] epoch 10/40 stage=joint val_nesting_acc=97.06% val_ocr_acc=93.24% val_nesting_loss=0.1202 val_ocr_loss=0.6062
[2026-04-21 13:07:34] [COMP] epoch 11/40 stage=joint val_nesting_acc=92.67% val_ocr_acc=95.41% val_nesting_loss=0.2043 val_ocr_loss=0.4607
[2026-04-21 13:09:29] [COMP] epoch 12/40 stage=joint val_nesting_acc=94.83% val_ocr_acc=95.05% val_nesting_loss=0.1519 val_ocr_loss=0.5137
[2026-04-21 13:11:20] [COMP] epoch 13/40 stage=joint val_nesting_acc=95.94% val_ocr_acc=94.82% val_nesting_loss=0.1179 val_ocr_loss=0.5037
[2026-04-21 13:13:12] [COMP] epoch 14/40 stage=joint val_nesting_acc=98.61% val_ocr_acc=94.11% val_nesting_loss=0.1408 val_ocr_loss=0.5368
[2026-04-21 13:15:04] [COMP] epoch 15/40 stage=joint val_nesting_acc=95.50% val_ocr_acc=93.53% val_nesting_loss=0.1439 val_ocr_loss=0.5944
[2026-04-21 13:16:57] [COMP] epoch 16/40 stage=joint val_nesting_acc=91.78% val_ocr_acc=94.12% val_nesting_loss=0.2067 val_ocr_loss=0.5154
[2026-04-21 13:18:49] [COMP] epoch 17/40 stage=joint val_nesting_acc=99.78% val_ocr_acc=94.67% val_nesting_loss=0.0709 val_ocr_loss=0.5135
[2026-04-21 13:18:50] [COMP] 保存最佳模型: runs/resume_20260421_112758/models/composite_best.pth
[2026-04-21 13:20:42] [COMP] epoch 18/40 stage=joint val_nesting_acc=98.11% val_ocr_acc=95.52% val_nesting_loss=0.1055 val_ocr_loss=0.4739
[2026-04-21 13:22:35] [COMP] epoch 19/40 stage=joint val_nesting_acc=96.67% val_ocr_acc=93.60% val_nesting_loss=0.1288 val_ocr_loss=0.5992
[2026-04-21 13:24:28] [COMP] epoch 20/40 stage=joint val_nesting_acc=95.44% val_ocr_acc=95.11% val_nesting_loss=0.1383 val_ocr_loss=0.4861
[2026-04-21 13:26:20] [COMP] epoch 21/40 stage=joint val_nesting_acc=88.78% val_ocr_acc=95.38% val_nesting_loss=0.2584 val_ocr_loss=0.4840
[2026-04-21 13:28:13] [COMP] epoch 22/40 stage=joint val_nesting_acc=94.78% val_ocr_acc=94.66% val_nesting_loss=0.1575 val_ocr_loss=0.5043
[2026-04-21 13:30:06] [COMP] epoch 23/40 stage=joint val_nesting_acc=88.39% val_ocr_acc=94.34% val_nesting_loss=0.2493 val_ocr_loss=0.5549
[2026-04-21 13:31:57] [COMP] epoch 24/40 stage=joint val_nesting_acc=95.33% val_ocr_acc=95.34% val_nesting_loss=0.1453 val_ocr_loss=0.4698
[2026-04-21 13:33:50] [COMP] epoch 25/40 stage=joint val_nesting_acc=98.50% val_ocr_acc=94.09% val_nesting_loss=0.0967 val_ocr_loss=0.5531
[2026-04-21 13:35:42] [COMP] epoch 26/40 stage=joint val_nesting_acc=95.28% val_ocr_acc=94.00% val_nesting_loss=0.1500 val_ocr_loss=0.5631
[2026-04-21 13:37:35] [COMP] epoch 27/40 stage=joint val_nesting_acc=98.78% val_ocr_acc=94.40% val_nesting_loss=0.0920 val_ocr_loss=0.5560
[2026-04-21 13:39:28] [COMP] epoch 28/40 stage=joint val_nesting_acc=96.22% val_ocr_acc=94.25% val_nesting_loss=0.1319 val_ocr_loss=0.5658
[2026-04-21 13:41:20] [COMP] epoch 29/40 stage=joint val_nesting_acc=93.39% val_ocr_acc=95.49% val_nesting_loss=0.1881 val_ocr_loss=0.4568
[2026-04-21 13:43:10] [COMP] epoch 30/40 stage=joint val_nesting_acc=95.22% val_ocr_acc=94.45% val_nesting_loss=0.1592 val_ocr_loss=0.5219
[2026-04-21 13:45:02] [COMP] epoch 31/40 stage=joint val_nesting_acc=91.56% val_ocr_acc=94.86% val_nesting_loss=0.2099 val_ocr_loss=0.5202
[2026-04-21 13:46:55] [COMP] epoch 32/40 stage=joint val_nesting_acc=96.06% val_ocr_acc=94.07% val_nesting_loss=0.1392 val_ocr_loss=0.5706
[2026-04-21 13:48:47] [COMP] epoch 33/40 stage=joint val_nesting_acc=96.61% val_ocr_acc=93.94% val_nesting_loss=0.1327 val_ocr_loss=0.5611
[2026-04-21 13:50:38] [COMP] epoch 34/40 stage=joint val_nesting_acc=95.39% val_ocr_acc=95.10% val_nesting_loss=0.1534 val_ocr_loss=0.4856
[2026-04-21 13:52:31] [COMP] epoch 35/40 stage=joint val_nesting_acc=96.00% val_ocr_acc=94.04% val_nesting_loss=0.1367 val_ocr_loss=0.5635
[2026-04-21 13:54:24] [COMP] epoch 36/40 stage=joint val_nesting_acc=95.56% val_ocr_acc=94.58% val_nesting_loss=0.1591 val_ocr_loss=0.5348
[2026-04-21 13:56:15] [COMP] epoch 37/40 stage=joint val_nesting_acc=97.33% val_ocr_acc=94.22% val_nesting_loss=0.1194 val_ocr_loss=0.5401
[2026-04-21 13:58:08] [COMP] epoch 38/40 stage=joint val_nesting_acc=98.72% val_ocr_acc=94.39% val_nesting_loss=0.1083 val_ocr_loss=0.5297
[2026-04-21 13:59:58] [COMP] epoch 39/40 stage=joint val_nesting_acc=97.28% val_ocr_acc=94.25% val_nesting_loss=0.1206 val_ocr_loss=0.5600
[2026-04-21 14:01:49] [COMP] epoch 40/40 stage=joint val_nesting_acc=96.61% val_ocr_acc=93.99% val_nesting_loss=0.1342 val_ocr_loss=0.5683
[2026-04-21 14:02:10] [TEST] nesting_acc=99.72% nesting_loss=0.0731 ocr_acc=94.64% ocr_loss=0.5168
[2026-04-21 14:02:10] 训练总结已保存: runs/resume_20260421_112758/training_summary.json
[2026-04-21 14:02:10] 训练完成，总耗时: 2.57 小时
[2026-04-21 14:02:10] 最终测试: nesting_acc=99.7222 ocr_acc=94.6429
